[09/28/2026-06:44:15] [TRT] [W] Functionality provided through tensorrt.plugin module is experimental.
Unable to import quantization op. Please install modelopt library (https://github.com/NVIDIA/TensorRT-Model-Optimizer?tab=readme-ov-file#installation) to add support for compiling quantized models
Unable to import quantize op. Please install modelopt library (https://github.com/NVIDIA/TensorRT-Model-Optimizer?tab=readme-ov-file#installation) to add support for compiling quantized models
Warning: You are sending unauthenticated requests to the HF Hub. Please set a HF_TOKEN to enable higher rate limits and faster downloads.
[load] jaredpalmer/kev-0.8b in 5.8s
WARNING:torch_tensorrt.dynamo._compiler:Remaining GPU memory may not be enough to compile the TensorRT engine for this model resulting in an OOM error, Consider setting offload_module_to_cpu=True
WARNING:torch_tensorrt.dynamo._compiler:Dynamic dimension 's11': Input range [1, 384] vs exported program range [2, 384]. Input.min_shape=1 but the exported program's min is 2 (PyTorch 0/1 specialization -- Dim(min=1) is recorded as min=2). The compiled engine's min will be 2.
WARNING:py.warnings:<string>:6: UserWarning: RuntimeSettings is only honored on TRT-RTX builds; constructing it on regular TensorRT has no effect.

[trt] prefill compiled in 177.7s
WARNING:torch_tensorrt.dynamo._compiler:Remaining GPU memory may not be enough to compile the TensorRT engine for this model resulting in an OOM error, Consider setting offload_module_to_cpu=True
WARNING:torch_tensorrt.dynamo._compiler:Dynamic dimension 's27': Input range [1, 8] vs exported program range [2, 8]. Input.min_shape=1 but the exported program's min is 2 (PyTorch 0/1 specialization -- Dim(min=1) is recorded as min=2). The compiled engine's min will be 2.
WARNING:torch_tensorrt.dynamo._compiler:Dynamic dimension 's0': Input range [1, 255] vs exported program range [2, 255]. Input.min_shape=1 but the exported program's min is 2 (PyTorch 0/1 specialization -- Dim(min=1) is recorded as min=2). The compiled engine's min will be 2.
WARNING:torch_tensorrt.dynamo._compiler:Dynamic dimension 's91': Input range [1, 384] vs exported program range [2, 384]. Input.min_shape=1 but the exported program's min is 2 (PyTorch 0/1 specialization -- Dim(min=1) is recorded as min=2). The compiled engine's min will be 2.
WARNING:torch_tensorrt [TensorRT Conversion Context]:WARNING The logger passed into createInferBuilder differs from one already registered for an existing builder, runtime, or refitter. So the current new logger is ignored, and TensorRT will use the existing one which is returned by nvinfer1::getLogger() instead.
WARNING:py.warnings:<string>:6: UserWarning: RuntimeSettings is only honored on TRT-RTX builds; constructing it on regular TensorRT has no effect.

[trt] score compiled in 323.3s
[trt] {"prefill_compile_s": 177.7, "score_compile_s": 323.3, "parity": {"questions": 40, "records_rejected": 0, "max_abs_dp": 1.043081283569336e-06, "mean_abs_dp": 2.116314135491848e-07, "argmax_flips": 0}, "timing_reference_request": {"tokens": 431, "state_tokens": 271, "questions": 5, "p50_ms": 205.808, "p99_ms": 223.831, "min_ms": 194.731, "max_ms": 223.831, "jitter_p99_p50": 1.088, "cuda_peak_alloc_mb": 2918.3, "power": {"backend": "nvidia-smi", "duration_s": 6.2195, "sample_hz": 20, "rails": {"gpu_board": {"mean_w": 261.566, "max_w": 264.21, "energy_j": 1596.8786, "n_samples": 57, "j_per_decision": 53.2293}}}}}
[done] /home/zli/new-idea/rtas-jev/trt-probe/server3-kev-0.8b-dynamic.json
WARNING: [Torch-TensorRT] - RuntimeCacheHandle::serialize() invoked on a non-RTX build; returning empty bytes.
WARNING: [Torch-TensorRT] - RuntimeCacheHandle::serialize() invoked on a non-RTX build; returning empty bytes.
