=== 2. TensorRT static, 384-token prefix 2026-09-28T11:59:23-07:00 ===
=== 3. TensorRT static, 2,240-token prefix 2026-09-28T12:09:31-07:00 ===
[latency] 2 questions, short state: {"tokens": 89, "first_ms": 1467.9, "new_ms": 1342.1999999999998, "cached_ms": 444.0, "wall_s": 41.85, "power": {"VDD_GPU_SOC": {"mean_w": 36.383, "j_per_request": 33.8295}, "VDD_CPU_CV": {"mean_w": 2.516, "j_per_request": 2.3407}, "VIN_SYS_5V0": {"mean_w": 8.838, "j_per_request": 8.2177}, "VDDQ_VDD2_1V8AO": {"mean_w": 3.543, "j_per_request": 3.294}}}
[latency] 6 questions, short state: {"tokens": 253, "first_ms": 486.0, "new_ms": 1342.0, "cached_ms": 446.4, "wall_s": 40.95, "power": {"VDD_GPU_SOC": {"mean_w": 36.925, "j_per_request": 33.5974}, "VDD_CPU_CV": {"mean_w": 2.444, "j_per_request": 2.2238}, "VIN_SYS_5V0": {"mean_w": 8.905, "j_per_request": 8.1024}, "VDDQ_VDD2_1V8AO": {"mean_w": 3.578, "j_per_request": 3.2553}}}
[latency] 5 questions, 370-token state: {"tokens": 567, "first_ms": 1341.8, "new_ms": 1341.4, "cached_ms": 446.25, "wall_s": 41.79, "power": {"VDD_GPU_SOC": {"mean_w": 37.433, "j_per_request": 34.7591}, "VDD_CPU_CV": {"mean_w": 2.4, "j_per_request": 2.2291}, "VIN_SYS_5V0": {"mean_w": 8.939, "j_per_request": 8.3002}, "VDDQ_VDD2_1V8AO": {"mean_w": 3.582, "j_per_request": 3.3263}}}
[latency] 5 questions, 2,200-token state: {"tokens": 2392, "first_ms": 1342.9, "new_ms": 1342.65, "cached_ms": 446.8, "wall_s": 42.02, "power": {"VDD_GPU_SOC": {"mean_w": 39.114, "j_per_request": 36.5258}, "VDD_CPU_CV": {"mean_w": 2.451, "j_per_request": 2.289}, "VIN_SYS_5V0": {"mean_w": 8.938, "j_per_request": 8.3463}, "VDDQ_VDD2_1V8AO": {"mean_w": 3.577, "j_per_request": 3.3404}}}
[throughput] 6 questions, new short state @ 1: {"p50_ms": 1345.0, "p99_ms": 1346.2, "requests_per_s": 0.74, "first": {"p50_ms": 1344.7, "p99_ms": 1345.9, "requests_per_s": 0.74}, "requests": 256, "rejected": 0, "power": {"VDD_GPU_SOC": {"mean_w": 37.278, "j_per_request": 50.1394}, "VDD_CPU_CV": {"mean_w": 2.596, "j_per_request": 3.4914}, "VIN_SY
[throughput] 6 questions, new short state @ 8: {"p50_ms": 10741.4, "p99_ms": 10757.7, "requests_per_s": 0.74, "first": {"p50_ms": 10737.8, "p99_ms": 10755.0, "requests_per_s": 0.75}, "requests": 256, "rejected": 0, "power": {"VDD_GPU_SOC": {"mean_w": 37.325, "j_per_request": 50.1172}, "VDD_CPU_CV": {"mean_w": 2.593, "j_per_request": 3.482}, "VIN
[throughput] 6 questions, new short state @ 32: {"p50_ms": 42974.6, "p99_ms": 42992.4, "requests_per_s": 0.74, "first": {"p50_ms": 42950.4, "p99_ms": 42997.5, "requests_per_s": 0.74}, "requests": 256, "rejected": 0, "power": {"VDD_GPU_SOC": {"mean_w": 37.338, "j_per_request": 50.1361}, "VDD_CPU_CV": {"mean_w": 2.587, "j_per_request": 3.4752}, "VI
[throughput] 6 questions, new short state @ 64: {"p50_ms": 85908.1, "p99_ms": 86292.5, "requests_per_s": 0.74, "first": {"p50_ms": 85917.5, "p99_ms": 85971.4, "requests_per_s": 0.74}, "requests": 256, "rejected": 0, "power": {"VDD_GPU_SOC": {"mean_w": 37.337, "j_per_request": 50.1301}, "VDD_CPU_CV": {"mean_w": 2.596, "j_per_request": 3.4906}, "VI
[throughput] decision-v7 development @ 1: {"p50_ms": 1342.6, "p99_ms": 1344.3, "requests_per_s": 0.75, "first": {"p50_ms": 1342.1, "p99_ms": 1343.9, "requests_per_s": 0.75}, "requests": 232, "rejected": 24, "power": {"VDD_GPU_SOC": {"mean_w": 37.346, "j_per_request": 50.0009}, "VDD_CPU_CV": {"mean_w": 2.593, "j_per_request": 3.4723}, "VIN_S
[throughput] decision-v7 development @ 8: {"p50_ms": 10733.8, "p99_ms": 10737.8, "requests_per_s": 0.75, "first": {"p50_ms": 10730.1, "p99_ms": 10737.2, "requests_per_s": 0.75}, "requests": 232, "rejected": 24, "power": {"VDD_GPU_SOC": {"mean_w": 37.373, "j_per_request": 50.1437}, "VDD_CPU_CV": {"mean_w": 2.6, "j_per_request": 3.489}, "VIN_
[throughput] decision-v7 development @ 32: {"p50_ms": 42930.1, "p99_ms": 42945.9, "requests_per_s": 0.75, "first": {"p50_ms": 42908.4, "p99_ms": 42928.2, "requests_per_s": 0.75}, "requests": 232, "rejected": 24, "power": {"VDD_GPU_SOC": {"mean_w": 37.373, "j_per_request": 49.9939}, "VDD_CPU_CV": {"mean_w": 2.597, "j_per_request": 3.4736}, "V
=== 4. kev's PyTorch path (rtjev venv: torch 2.5 + triton 3.8 + flash-linear-attention) 2026-09-28T13:36:45-07:00 ===
--- torch bf16 kev-0.8b 2026-09-28T13:36:46-07:00 ---
[transformers] `causal_conv1d_fn` is falling back to its reference PyTorch implementation because `causal_conv1d` is not installed. This is correct but much slower; install `causal_conv1d` for the optimized kernel.
[latency] 2 questions, short state: {"tokens": 89, "first_ms": 1837.0, "new_ms": 245.85000000000002, "cached_ms": 126.1, "wall_s": 10.25, "power": {"VDD_GPU_SOC": {"mean_w": 8.547, "j_per_request": 1.9169}, "VDD_CPU_CV": {"mean_w": 2.829, "j_per_request": 0.6445}, "VIN_SYS_5V0": {"mean_w": 5.891, "j_per_request": 1.3361}, "VDDQ_VDD2_1V8AO": {"mean_w": 1.464, "j_per_request": 0.3304}}}
[latency] 6 questions, short state: {"tokens": 253, "first_ms": 927.9, "new_ms": 250.8, "cached_ms": 130.75, "wall_s": 9.64, "power": {"VDD_GPU_SOC": {"mean_w": 15.513, "j_per_request": 3.3207}, "VDD_CPU_CV": {"mean_w": 2.776, "j_per_request": 0.5945}, "VIN_SYS_5V0": {"mean_w": 7.274, "j_per_request": 1.5576}, "VDDQ_VDD2_1V8AO": {"mean_w": 2.473, "j_per_request": 0.5295}}}
[latency] 5 questions, 370-token state: {"tokens": 567, "first_ms": 263.7, "new_ms": 250.0, "cached_ms": 129.95, "wall_s": 8.96, "power": {"VDD_GPU_SOC": {"mean_w": 19.534, "j_per_request": 3.8871}, "VDD_CPU_CV": {"mean_w": 2.819, "j_per_request": 0.561}, "VIN_SYS_5V0": {"mean_w": 8.355, "j_per_request": 1.6626}, "VDDQ_VDD2_1V8AO": {"mean_w": 3.198, "j_per_request": 0.6363}}}
[latency] 5 questions, 2,200-token state: {"tokens": 2392, "first_ms": 449.3, "new_ms": 448.45, "cached_ms": 133.2, "wall_s": 13.98, "power": {"VDD_GPU_SOC": {"mean_w": 28.77, "j_per_request": 8.9242}, "VDD_CPU_CV": {"mean_w": 2.489, "j_per_request": 0.7729}, "VIN_SYS_5V0": {"mean_w": 9.71, "j_per_request": 3.0141}, "VDDQ_VDD2_1V8AO": {"mean_w": 4.106, "j_per_request": 1.2742}}}
[throughput] 6 questions, new short state @ 1: {"p50_ms": 255.1, "p99_ms": 273.1, "requests_per_s": 3.91, "first": {"p50_ms": 238.3, "p99_ms": 239.8, "requests_per_s": 4.19}, "requests": 256, "rejected": 0, "power": {"VDD_GPU_SOC": {"mean_w": 14.295, "j_per_request": 3.654}, "VDD_CPU_CV": {"mean_w": 2.802, "j_per_request": 0.7161}, "VIN_SYS_5V0"
[throughput] 6 questions, new short state @ 8: {"p50_ms": 1675.2, "p99_ms": 1679.8, "requests_per_s": 4.78, "first": {"p50_ms": 1579.9, "p99_ms": 1607.6, "requests_per_s": 5.06}, "requests": 256, "rejected": 0, "power": {"VDD_GPU_SOC": {"mean_w": 17.217, "j_per_request": 3.6009}, "VDD_CPU_CV": {"mean_w": 2.83, "j_per_request": 0.5924}, "VIN_SYS_
[throughput] 6 questions, new short state @ 32: {"p50_ms": 4891.8, "p99_ms": 5260.0, "requests_per_s": 6.48, "first": {"p50_ms": 4611.9, "p99_ms": 4630.7, "requests_per_s": 6.94}, "requests": 256, "rejected": 0, "power": {"VDD_GPU_SOC": {"mean_w": 23.266, "j_per_request": 3.5529}, "VDD_CPU_CV": {"mean_w": 2.803, "j_per_request": 0.4318}, "VIN_SYS
[throughput] 6 questions, new short state @ 64: {"p50_ms": 9203.1, "p99_ms": 9240.2, "requests_per_s": 6.95, "first": {"p50_ms": 8662.8, "p99_ms": 8695.2, "requests_per_s": 7.38}, "requests": 256, "rejected": 0, "power": {"VDD_GPU_SOC": {"mean_w": 24.774, "j_per_request": 3.5374}, "VDD_CPU_CV": {"mean_w": 2.808, "j_per_request": 0.4048}, "VIN_SYS
[throughput] decision-v7 development @ 1: {"p50_ms": 247.6, "p99_ms": 278.4, "requests_per_s": 4.02, "first": {"p50_ms": 233.8, "p99_ms": 258.8, "requests_per_s": 4.26}, "requests": 256, "rejected": 0, "power": {"VDD_GPU_SOC": {"mean_w": 10.239, "j_per_request": 2.5484}, "VDD_CPU_CV": {"mean_w": 2.621, "j_per_request": 0.6524}, "VIN_SYS_5V0
[throughput] decision-v7 development @ 8: {"p50_ms": 1604.0, "p99_ms": 1627.5, "requests_per_s": 4.99, "first": {"p50_ms": 1637.0, "p99_ms": 1666.3, "requests_per_s": 4.89}, "requests": 256, "rejected": 0, "power": {"VDD_GPU_SOC": {"mean_w": 10.9, "j_per_request": 2.1836}, "VDD_CPU_CV": {"mean_w": 2.626, "j_per_request": 0.5259}, "VIN_SYS_5
[throughput] decision-v7 development @ 32: {"p50_ms": 4615.4, "p99_ms": 4944.2, "requests_per_s": 6.88, "first": {"p50_ms": 4488.5, "p99_ms": 4549.6, "requests_per_s": 7.13}, "requests": 256, "rejected": 0, "power": {"VDD_GPU_SOC": {"mean_w": 12.614, "j_per_request": 1.8342}, "VDD_CPU_CV": {"mean_w": 2.632, "j_per_request": 0.3826}, "VIN_SYS
[throughput] decision-v7 development @ 64: {"p50_ms": 8625.2, "p99_ms": 9067.1, "requests_per_s": 7.27, "first": {"p50_ms": 8487.2, "p99_ms": 14391.4, "requests_per_s": 7.58}, "requests": 256, "rejected": 0, "power": {"VDD_GPU_SOC": {"mean_w": 12.955, "j_per_request": 1.7881}, "VDD_CPU_CV": {"mean_w": 2.638, "j_per_request": 0.3628}, "VIN_SY
[throughput] 5 questions, 2,200-token state @ 1: {"p50_ms": 455.3, "p99_ms": 457.3, "requests_per_s": 2.2, "first": {"p50_ms": 449.0, "p99_ms": 450.4, "requests_per_s": 2.23}, "requests": 64, "rejected": 0, "power": {"VDD_GPU_SOC": {"mean_w": 30.873, "j_per_request": 14.0484}, "VDD_CPU_CV": {"mean_w": 2.42, "j_per_request": 1.1015}, "VIN_SYS_5V0":
[throughput] 5 questions, 2,200-token state @ 8: {"p50_ms": 6165.5, "p99_ms": 6178.3, "requests_per_s": 1.3, "first": {"p50_ms": 7412.0, "p99_ms": 7425.9, "requests_per_s": 1.08}, "requests": 64, "rejected": 0, "power": {"VDD_GPU_SOC": {"mean_w": 33.439, "j_per_request": 25.7392}, "VDD_CPU_CV": {"mean_w": 2.284, "j_per_request": 1.761}, "VIN_SYS_5
[throughput] 5 questions, 2,200-token state @ 32: {"p50_ms": 49163.7, "p99_ms": 49212.4, "requests_per_s": 0.65, "first": {"p50_ms": 45192.8, "p99_ms": 45218.2, "requests_per_s": 0.71}, "requests": 64, "rejected": 0, "power": {"VDD_GPU_SOC": {"mean_w": 34.966, "j_per_request": 53.6875}, "VDD_CPU_CV": {"mean_w": 2.202, "j_per_request": 3.3849}, "VIN
[throughput] 5 questions, 2,200-token state @ 64: {"p50_ms": 102527.8, "p99_ms": 102613.6, "requests_per_s": 0.62, "first": {"p50_ms": 101072.9, "p99_ms": 101162.2, "requests_per_s": 0.63}, "requests": 64, "rejected": 0, "power": {"VDD_GPU_SOC": {"mean_w": 35.061, "j_per_request": 56.1545}, "VDD_CPU_CV": {"mean_w": 2.192, "j_per_request": 3.5171}, 
[done] /experiment/zexin/trt-probe/serving/orin1-kev-0.8b-torch-bf16.json
--- torch bf16 kev-4b 2026-09-28T13:59:38-07:00 ---
[transformers] `causal_conv1d_fn` is falling back to its reference PyTorch implementation because `causal_conv1d` is not installed. This is correct but much slower; install `causal_conv1d` for the optimized kernel.
[latency] 2 questions, short state: {"tokens": 89, "first_ms": 1270.6, "new_ms": 315.9, "cached_ms": 162.14999999999998, "wall_s": 12.03, "power": {"VDD_GPU_SOC": {"mean_w": 17.022, "j_per_request": 4.5471}, "VDD_CPU_CV": {"mean_w": 2.75, "j_per_request": 0.7354}, "VIN_SYS_5V0": {"mean_w": 8.142, "j_per_request": 2.1754}, "VDDQ_VDD2_1V8AO": {"mean_w": 3.096, "j_per_request": 0.8272}}}
[latency] 6 questions, short state: {"tokens": 253, "first_ms": 1104.0, "new_ms": 421.2, "cached_ms": 266.8, "wall_s": 16.58, "power": {"VDD_GPU_SOC": {"mean_w": 30.484, "j_per_request": 11.212}, "VDD_CPU_CV": {"mean_w": 2.469, "j_per_request": 0.9096}, "VIN_SYS_5V0": {"mean_w": 10.038, "j_per_request": 3.6955}, "VDDQ_VDD2_1V8AO": {"mean_w": 4.347, "j_per_request": 1.5996}}}
[latency] 5 questions, 370-token state: {"tokens": 567, "first_ms": 465.8, "new_ms": 453.04999999999995, "cached_ms": 233.8, "wall_s": 16.01, "power": {"VDD_GPU_SOC": {"mean_w": 36.313, "j_per_request": 12.9117}, "VDD_CPU_CV": {"mean_w": 2.436, "j_per_request": 0.8662}, "VIN_SYS_5V0": {"mean_w": 10.892, "j_per_request": 3.8726}, "VDDQ_VDD2_1V8AO": {"mean_w": 4.935, "j_per_request": 1.7545}}}
[latency] 5 questions, 2,200-token state: {"tokens": 2392, "first_ms": 1615.7, "new_ms": 1511.45, "cached_ms": 288.05, "wall_s": 42.84, "power": {"VDD_GPU_SOC": {"mean_w": 37.793, "j_per_request": 35.9535}, "VDD_CPU_CV": {"mean_w": 2.229, "j_per_request": 2.1209}, "VIN_SYS_5V0": {"mean_w": 11.058, "j_per_request": 10.5246}, "VDDQ_VDD2_1V8AO": {"mean_w": 4.989, "j_per_request": 4.7481}}}
[throughput] 6 questions, new short state @ 1: {"p50_ms": 423.3, "p99_ms": 427.2, "requests_per_s": 2.36, "first": {"p50_ms": 412.1, "p99_ms": 414.2, "requests_per_s": 2.43}, "requests": 256, "rejected": 0, "power": {"VDD_GPU_SOC": {"mean_w": 29.525, "j_per_request": 12.4958}, "VDD_CPU_CV": {"mean_w": 2.601, "j_per_request": 1.1015}, "VIN_SYS_5V
[throughput] 6 questions, new short state @ 8: {"p50_ms": 3275.3, "p99_ms": 3284.4, "requests_per_s": 2.44, "first": {"p50_ms": 3270.6, "p99_ms": 3287.5, "requests_per_s": 2.45}, "requests": 256, "rejected": 0, "power": {"VDD_GPU_SOC": {"mean_w": 32.614, "j_per_request": 13.3316}, "VDD_CPU_CV": {"mean_w": 2.535, "j_per_request": 1.0379}, "VIN_SY
[throughput] 6 questions, new short state @ 32: {"p50_ms": 12633.6, "p99_ms": 12667.2, "requests_per_s": 2.53, "first": {"p50_ms": 12551.9, "p99_ms": 12567.8, "requests_per_s": 2.55}, "requests": 256, "rejected": 0, "power": {"VDD_GPU_SOC": {"mean_w": 36.595, "j_per_request": 14.4206}, "VDD_CPU_CV": {"mean_w": 2.468, "j_per_request": 0.9753}, "VI
[throughput] 6 questions, new short state @ 64: {"p50_ms": 25140.6, "p99_ms": 25183.4, "requests_per_s": 2.54, "first": {"p50_ms": 25056.2, "p99_ms": 25406.9, "requests_per_s": 2.55}, "requests": 256, "rejected": 0, "power": {"VDD_GPU_SOC": {"mean_w": 37.297, "j_per_request": 14.6193}, "VDD_CPU_CV": {"mean_w": 2.465, "j_per_request": 0.9697}, "VI
[throughput] decision-v7 development @ 1: {"p50_ms": 306.2, "p99_ms": 641.0, "requests_per_s": 3.0, "first": {"p50_ms": 288.4, "p99_ms": 630.6, "requests_per_s": 3.14}, "requests": 256, "rejected": 0, "power": {"VDD_GPU_SOC": {"mean_w": 21.429, "j_per_request": 7.1363}, "VDD_CPU_CV": {"mean_w": 2.756, "j_per_request": 0.9195}, "VIN_SYS_5V0"
[throughput] decision-v7 development @ 8: {"p50_ms": 2017.9, "p99_ms": 3089.8, "requests_per_s": 3.62, "first": {"p50_ms": 1918.8, "p99_ms": 3006.1, "requests_per_s": 3.79}, "requests": 256, "rejected": 0, "power": {"VDD_GPU_SOC": {"mean_w": 23.149, "j_per_request": 6.3912}, "VDD_CPU_CV": {"mean_w": 2.745, "j_per_request": 0.759}, "VIN_SYS_
[throughput] decision-v7 development @ 32: {"p50_ms": 6596.4, "p99_ms": 7860.4, "requests_per_s": 4.69, "first": {"p50_ms": 6582.0, "p99_ms": 7757.4, "requests_per_s": 4.76}, "requests": 256, "rejected": 0, "power": {"VDD_GPU_SOC": {"mean_w": 27.221, "j_per_request": 5.7924}, "VDD_CPU_CV": {"mean_w": 2.677, "j_per_request": 0.5709}, "VIN_SYS
[throughput] decision-v7 development @ 64: {"p50_ms": 12784.9, "p99_ms": 14449.6, "requests_per_s": 4.89, "first": {"p50_ms": 12698.6, "p99_ms": 14430.5, "requests_per_s": 5.0}, "requests": 256, "rejected": 0, "power": {"VDD_GPU_SOC": {"mean_w": 27.9, "j_per_request": 5.6785}, "VDD_CPU_CV": {"mean_w": 2.668, "j_per_request": 0.5459}, "VIN_SY
[throughput] 5 questions, 2,200-token state @ 1: {"p50_ms": 1520.4, "p99_ms": 1525.1, "requests_per_s": 0.66, "first": {"p50_ms": 1518.3, "p99_ms": 1521.5, "requests_per_s": 0.66}, "requests": 64, "rejected": 0, "power": {"VDD_GPU_SOC": {"mean_w": 38.816, "j_per_request": 59.0184}, "VDD_CPU_CV": {"mean_w": 2.31, "j_per_request": 3.5107}, "VIN_SYS_
[throughput] 5 questions, 2,200-token state @ 8: {"p50_ms": 27689.9, "p99_ms": 27728.8, "requests_per_s": 0.29, "first": {"p50_ms": 17290.5, "p99_ms": 28641.6, "requests_per_s": 0.43}, "requests": 64, "rejected": 0, "power": {"VDD_GPU_SOC": {"mean_w": 39.648, "j_per_request": 137.1909}, "VDD_CPU_CV": {"mean_w": 2.285, "j_per_request": 7.9057}, "VI
[throughput] 5 questions, 2,200-token state @ 32: {"p50_ms": 183351.4, "p99_ms": 183387.3, "requests_per_s": 0.17, "first": {"p50_ms": 183281.5, "p99_ms": 183334.2, "requests_per_s": 0.17}, "requests": 64, "rejected": 0, "power": {"VDD_GPU_SOC": {"mean_w": 39.888, "j_per_request": 228.5288}, "VDD_CPU_CV": {"mean_w": 2.271, "j_per_request": 13.0114}
[throughput] 5 questions, 2,200-token state @ 64: {"p50_ms": 387471.3, "p99_ms": 387562.8, "requests_per_s": 0.17, "first": {"p50_ms": 391206.2, "p99_ms": 391302.5, "requests_per_s": 0.16}, "requests": 64, "rejected": 0, "power": {"VDD_GPU_SOC": {"mean_w": 39.9, "j_per_request": 241.5504}, "VDD_CPU_CV": {"mean_w": 2.269, "j_per_request": 13.7391}, 
[done] /experiment/zexin/trt-probe/serving/orin1-kev-4b-torch-bf16.json
--- torch bf16 kev-9b 2026-09-28T14:59:18-07:00 ---
Traceback (most recent call last):
=== AGX queue done 2026-09-28T16:51:24-07:00 ===
