=== build mixed-fp16 prefix 384 + score128 2026-09-28T17:41:14-07:00 ===
[load] jaredpalmer/kev-0.8b in 7.7s
[trt] exported 2 methods (0 cached or failed)
[trt] static prefill: 316.5s
[trt] static score128: 291.0s
[done] build-only: ['prefill', 'score128']
=== build mixed-fp16 prefix 384 + score512 2026-09-28T17:55:33-07:00 ===
[load] jaredpalmer/kev-0.8b in 16.1s
[trt] exported 1 methods (1 cached or failed)
[trt] static score512: 349.0s
[done] build-only: ['score512']
=== build mixed-fp16 prefix 384 + score1024 2026-09-28T18:04:00-07:00 ===
[load] jaredpalmer/kev-0.8b in 10.1s
[trt] exported 1 methods (1 cached or failed)
[trt] static score1024: 425.8s
[done] build-only: ['score1024']
   1316.12 MB prefill.ep
   1396.55 MB score1024.ep
   1355.75 MB score128.ep
   1373.88 MB score512.ep
=== AGX serving bench, mixed-fp16 static (128,1024) 2026-09-28T18:14:00-07:00 ===
[latency] 2 questions, short state: {"tokens": 89, "first_ms": 299.3, "new_ms": 235.4, "cached_ms": 155.35000000000002, "wall_s": 9.07, "power": {"VDD_GPU_SOC": {"mean_w": 30.354, "j_per_request": 6.115}, "VDD_CPU_CV": {"mean_w": 2.288, "j_per_request": 0.4609}, "VIN_SYS_5V0": {"mean_w": 9.544, "j_per_request": 1.9224}, "VDDQ_VDD2_1V8AO": {"mean_w": 4.121, "j_per_request": 0.8302}}}
[latency] 6 questions, short state: {"tokens": 253, "first_ms": 161.3, "new_ms": 235.55, "cached_ms": 156.4, "wall_s": 9.06, "power": {"VDD_GPU_SOC": {"mean_w": 31.508, "j_per_request": 6.3427}, "VDD_CPU_CV": {"mean_w": 2.333, "j_per_request": 0.4696}, "VIN_SYS_5V0": {"mean_w": 9.78, "j_per_request": 1.9688}, "VDDQ_VDD2_1V8AO": {"mean_w": 4.238, "j_per_request": 0.8532}}}
[latency] 5 questions, 370-token state: {"tokens": 567, "first_ms": 235.1, "new_ms": 235.5, "cached_ms": 156.45, "wall_s": 9.16, "power": {"VDD_GPU_SOC": {"mean_w": 31.804, "j_per_request": 6.4701}, "VDD_CPU_CV": {"mean_w": 2.324, "j_per_request": 0.4727}, "VIN_SYS_5V0": {"mean_w": 9.763, "j_per_request": 1.9862}, "VDDQ_VDD2_1V8AO": {"mean_w": 4.228, "j_per_request": 0.8601}}}
[latency] 5 questions, 2,200-token state: {"inadmissible": "state exceeds 384 tokens: 2192; this program was exported for states of at most 384 tokens and 1024 with a question"}
[throughput] 6 questions, new short state @ 1: {"p50_ms": 239.2, "p99_ms": 240.4, "requests_per_s": 4.18, "first": {"p50_ms": 238.7, "p99_ms": 240.0, "requests_per_s": 4.19}, "requests": 256, "rejected": 0, "power": {"VDD_GPU_SOC": {"mean_w": 31.071, "j_per_request": 7.4321}, "VDD_CPU_CV": {"mean_w": 2.463, "j_per_request": 0.5893}, "VIN_SYS_5V0
[throughput] 6 questions, new short state @ 8: {"p50_ms": 1895.4, "p99_ms": 1915.4, "requests_per_s": 4.22, "first": {"p50_ms": 1891.8, "p99_ms": 1925.7, "requests_per_s": 4.23}, "requests": 256, "rejected": 0, "power": {"VDD_GPU_SOC": {"mean_w": 31.26, "j_per_request": 7.4076}, "VDD_CPU_CV": {"mean_w": 2.517, "j_per_request": 0.5965}, "VIN_SYS_
[throughput] 6 questions, new short state @ 32: {"p50_ms": 7589.8, "p99_ms": 7609.3, "requests_per_s": 4.22, "first": {"p50_ms": 7572.9, "p99_ms": 7606.8, "requests_per_s": 4.22}, "requests": 256, "rejected": 0, "power": {"VDD_GPU_SOC": {"mean_w": 31.315, "j_per_request": 7.4231}, "VDD_CPU_CV": {"mean_w": 2.543, "j_per_request": 0.6038}, "VIN_SYS
[throughput] 6 questions, new short state @ 64: {"p50_ms": 15203.3, "p99_ms": 15265.5, "requests_per_s": 4.21, "first": {"p50_ms": 15160.2, "p99_ms": 15198.4, "requests_per_s": 4.22}, "requests": 256, "rejected": 0, "power": {"VDD_GPU_SOC": {"mean_w": 31.299, "j_per_request": 7.4252}, "VDD_CPU_CV": {"mean_w": 2.565, "j_per_request": 0.6109}, "VIN
[throughput] decision-v7 development @ 1: {"p50_ms": 237.2, "p99_ms": 1199.5, "requests_per_s": 3.06, "first": {"p50_ms": 237.2, "p99_ms": 1198.3, "requests_per_s": 3.06}, "requests": 256, "rejected": 0, "power": {"VDD_GPU_SOC": {"mean_w": 33.402, "j_per_request": 10.9122}, "VDD_CPU_CV": {"mean_w": 2.587, "j_per_request": 0.8452}, "VIN_SYS_
[throughput] decision-v7 development @ 8: {"p50_ms": 1897.8, "p99_ms": 5712.7, "requests_per_s": 3.07, "first": {"p50_ms": 1890.5, "p99_ms": 5710.6, "requests_per_s": 3.07}, "requests": 256, "rejected": 0, "power": {"VDD_GPU_SOC": {"mean_w": 33.512, "j_per_request": 10.9176}, "VDD_CPU_CV": {"mean_w": 2.619, "j_per_request": 0.8534}, "VIN_SY
[throughput] decision-v7 development @ 32: {"p50_ms": 10423.5, "p99_ms": 12356.3, "requests_per_s": 3.07, "first": {"p50_ms": 10413.9, "p99_ms": 12330.7, "requests_per_s": 3.08}, "requests": 256, "rejected": 0, "power": {"VDD_GPU_SOC": {"mean_w": 33.522, "j_per_request": 10.916}, "VDD_CPU_CV": {"mean_w": 2.584, "j_per_request": 0.8415}, "VIN
[throughput] decision-v7 development @ 64: {"p50_ms": 19893.9, "p99_ms": 22811.8, "requests_per_s": 3.06, "first": {"p50_ms": 20381.1, "p99_ms": 22763.3, "requests_per_s": 3.07}, "requests": 256, "rejected": 0, "power": {"VDD_GPU_SOC": {"mean_w": 33.462, "j_per_request": 10.9282}, "VDD_CPU_CV": {"mean_w": 2.576, "j_per_request": 0.8419}, "VI
[throughput] 5 questions, 2,200-token state: inadmissible
[done] /experiment/zexin/trt-probe/serving/orin1-kev-0.8b-trt-static-fp16-p384.json
=== AGX p2240: throughput on 2,200-token documents only 2026-09-28T18:34:34-07:00 ===
[throughput] 5 questions, 2,200-token state @ 1: {"p50_ms": 1347.2, "p99_ms": 1349.5, "requests_per_s": 0.74, "first": {"p50_ms": 1346.7, "p99_ms": 1351.3, "requests_per_s": 0.74}, "requests": 64, "rejected": 0, "power": {"VDD_GPU_SOC": {"mean_w": 39.685, "j_per_request": 53.4866}, "VDD_CPU_CV": {"mean_w": 2.703, "j_per_request": 3.6433}, "VIN_SYS
[throughput] 5 questions, 2,200-token state @ 8: {"p50_ms": 10714.4, "p99_ms": 10740.1, "requests_per_s": 0.75, "first": {"p50_ms": 10707.9, "p99_ms": 10757.6, "requests_per_s": 0.75}, "requests": 64, "rejected": 0, "power": {"VDD_GPU_SOC": {"mean_w": 39.941, "j_per_request": 53.5031}, "VDD_CPU_CV": {"mean_w": 2.716, "j_per_request": 3.6384}, "VIN
[throughput] 5 questions, 2,200-token state @ 32: {"p50_ms": 42876.0, "p99_ms": 42914.7, "requests_per_s": 0.75, "first": {"p50_ms": 42870.6, "p99_ms": 42885.1, "requests_per_s": 0.75}, "requests": 64, "rejected": 0, "power": {"VDD_GPU_SOC": {"mean_w": 39.927, "j_per_request": 53.4935}, "VDD_CPU_CV": {"mean_w": 2.725, "j_per_request": 3.6548}, "VIN
[throughput] 5 questions, 2,200-token state @ 64: {"p50_ms": 82951.7, "p99_ms": 83040.8, "requests_per_s": 0.77, "first": {"p50_ms": 82932.1, "p99_ms": 83018.8, "requests_per_s": 0.77}, "requests": 64, "rejected": 0, "power": {"VDD_GPU_SOC": {"mean_w": 39.952, "j_per_request": 51.8123}, "VDD_CPU_CV": {"mean_w": 2.723, "j_per_request": 3.5372}, "VIN
[done] /experiment/zexin/trt-probe/serving/orin1-kev-0.8b-trt-static-p2240-throughput.json
=== AGX queue 3 done 2026-09-28T18:46:57-07:00 ===
